

================================================================
== Vivado HLS Report for 'CH'
================================================================
* Date:           Sun Apr 11 14:32:00 2021

* Version:        2019.1 (Build 2552052 on Fri May 24 15:28:33 MDT 2019)
* Project:        All_project
* Solution:       solution1
* Product family: zynq
* Target device:  xc7z020-clg484-1


================================================================
== Performance Estimates
================================================================
+ Timing (ns): 
    * Summary: 
    +--------+-------+----------+------------+
    |  Clock | Target| Estimated| Uncertainty|
    +--------+-------+----------+------------+
    |ap_clk  |  10.00|     2.979|        1.25|
    +--------+-------+----------+------------+

+ Latency (clock cycles): 
    * Summary: 
    +-----+-----+-----+-----+----------+
    |  Latency  |  Interval | Pipeline |
    | min | max | min | max |   Type   |
    +-----+-----+-----+-----+----------+
    |    0|    0|    1|    1| function |
    +-----+-----+-----+-----+----------+

    + Detail: 
        * Instance: 
        N/A

        * Loop: 
        N/A

============================================================
+ Verbose Summary: Synthesis Manager
============================================================
InlineROM: 1
ExposeGlobal: 0
============================================================
+ Verbose Summary: CDFG Model
============================================================
IsTopModel: 0
ResetActiveHigh: 1
IsCombinational: 0
IsDatapathOnly: 0
HasWiredReturn: 1
HasMFsm: 2
HasVarLatency: 0
IsPipeline: 1
IsRtlPipelined: 0
IsInstanceOverlapped: 0
IsDontTouch: 0
HasImplIP: 0
IsGatedGlobalClock: 0

+ Individual pipeline summary: 
  * Pipeline-0: initiation interval (II) = 1, depth = 1


============================================================
+ Verbose Summary: Schedule
============================================================
* Number of FSM states : 1
* Pipeline : 1
  Pipeline-0 : II = 1, D = 1, States = { 1 }
* Dataflow Pipeline: 0

* FSM state transitions: 
1 --> 

* FSM state operations: 

State 1 <SV = 0> <Delay = 2.97>
ST_1 : Operation 2 [1/1] (0.00ns)   --->   "%z_read = call i32 @_ssdm_op_Read.ap_auto.i32(i32 %z) nounwind" [sha256_impl.c:90]   --->   Operation 2 'read' 'z_read' <Predicate = true> <Delay = 0.00>
ST_1 : Operation 3 [1/1] (0.00ns)   --->   "%y_read = call i32 @_ssdm_op_Read.ap_auto.i32(i32 %y) nounwind" [sha256_impl.c:90]   --->   Operation 3 'read' 'y_read' <Predicate = true> <Delay = 0.00>
ST_1 : Operation 4 [1/1] (0.00ns)   --->   "%x_read = call i32 @_ssdm_op_Read.ap_auto.i32(i32 %x) nounwind" [sha256_impl.c:90]   --->   Operation 4 'read' 'x_read' <Predicate = true> <Delay = 0.00>
ST_1 : Operation 5 [1/1] (0.00ns)   --->   "%rtl_key_load = load i32* @rtl_key_r, align 4" [sha256_impl.c:92]   --->   Operation 5 'load' 'rtl_key_load' <Predicate = true> <Delay = 0.00>
ST_1 : Operation 6 [1/1] (0.00ns) (grouped into LUT with out node select_ln94)   --->   "%tmp = call i1 @_ssdm_op_BitSelect.i1.i32.i32(i32 %rtl_key_load, i32 5)" [sha256_impl.c:94]   --->   Operation 6 'bitselect' 'tmp' <Predicate = true> <Delay = 0.00>
ST_1 : Operation 7 [1/1] (0.99ns)   --->   "%xor_ln96 = xor i32 %x_read, -1" [sha256_impl.c:96]   --->   Operation 7 'xor' 'xor_ln96' <Predicate = true> <Delay = 0.99> <Core = "LogicGate">   --->   Core 27 'LogicGate' <Latency = 0> <II = 1> <Delay = 0.99> <FuncUnit> <Opcode : 'and' 'or' 'xor'> <InPorts = 2> <OutPorts = 1>
ST_1 : Operation 8 [1/1] (0.00ns) (grouped into LUT with out node or_ln96_1)   --->   "%or_ln96 = or i32 %z_read, %xor_ln96" [sha256_impl.c:96]   --->   Operation 8 'or' 'or_ln96' <Predicate = (!tmp)> <Delay = 0.00> <Core = "LogicGate">   --->   Core 27 'LogicGate' <Latency = 0> <II = 1> <Delay = 0.99> <FuncUnit> <Opcode : 'and' 'or' 'xor'> <InPorts = 2> <OutPorts = 1>
ST_1 : Operation 9 [1/1] (0.99ns) (out node of the LUT)   --->   "%or_ln96_1 = or i32 %or_ln96, %y_read" [sha256_impl.c:96]   --->   Operation 9 'or' 'or_ln96_1' <Predicate = (!tmp)> <Delay = 0.99> <Core = "LogicGate">   --->   Core 27 'LogicGate' <Latency = 0> <II = 1> <Delay = 0.99> <FuncUnit> <Opcode : 'and' 'or' 'xor'> <InPorts = 2> <OutPorts = 1>
ST_1 : Operation 10 [1/1] (0.00ns) (grouped into LUT with out node select_ln94)   --->   "%and_ln100 = and i32 %y_read, %x_read" [sha256_impl.c:100]   --->   Operation 10 'and' 'and_ln100' <Predicate = (tmp)> <Delay = 0.00> <Core = "LogicGate">   --->   Core 27 'LogicGate' <Latency = 0> <II = 1> <Delay = 0.99> <FuncUnit> <Opcode : 'and' 'or' 'xor'> <InPorts = 2> <OutPorts = 1>
ST_1 : Operation 11 [1/1] (0.00ns) (grouped into LUT with out node select_ln94)   --->   "%and_ln100_1 = and i32 %z_read, %xor_ln96" [sha256_impl.c:100]   --->   Operation 11 'and' 'and_ln100_1' <Predicate = (tmp)> <Delay = 0.00> <Core = "LogicGate">   --->   Core 27 'LogicGate' <Latency = 0> <II = 1> <Delay = 0.99> <FuncUnit> <Opcode : 'and' 'or' 'xor'> <InPorts = 2> <OutPorts = 1>
ST_1 : Operation 12 [1/1] (0.00ns) (grouped into LUT with out node select_ln94)   --->   "%xor_ln100 = xor i32 %and_ln100_1, %and_ln100" [sha256_impl.c:100]   --->   Operation 12 'xor' 'xor_ln100' <Predicate = (tmp)> <Delay = 0.00> <Core = "LogicGate">   --->   Core 27 'LogicGate' <Latency = 0> <II = 1> <Delay = 0.99> <FuncUnit> <Opcode : 'and' 'or' 'xor'> <InPorts = 2> <OutPorts = 1>
ST_1 : Operation 13 [1/1] (0.99ns) (out node of the LUT)   --->   "%select_ln94 = select i1 %tmp, i32 %xor_ln100, i32 %or_ln96_1" [sha256_impl.c:94]   --->   Operation 13 'select' 'select_ln94' <Predicate = true> <Delay = 0.99> <Core = "Sel">   --->   Core 26 'Sel' <Latency = 0> <II = 1> <Delay = 0.69> <FuncUnit> <Opcode : 'select'> <InPorts = 3> <OutPorts = 1>
ST_1 : Operation 14 [1/1] (0.00ns)   --->   "ret i32 %select_ln94" [sha256_impl.c:123]   --->   Operation 14 'ret' <Predicate = true> <Delay = 0.00>


============================================================
+ Verbose Summary: Timing violations
============================================================
Target clock period: 10ns, clock uncertainty: 1.25ns.

 <State 1>: 2.98ns
The critical path consists of the following:
	wire read on port 'x' (sha256_impl.c:90) [7]  (0 ns)
	'xor' operation ('xor_ln96', sha256_impl.c:96) [10]  (0.993 ns)
	'or' operation ('or_ln96', sha256_impl.c:96) [11]  (0 ns)
	'or' operation ('or_ln96_1', sha256_impl.c:96) [12]  (0.993 ns)
	'select' operation ('select_ln94', sha256_impl.c:94) [16]  (0.993 ns)


============================================================
+ Verbose Summary: Binding
============================================================
N/A
* FSMD analyzer results:
  - Output states:
 - Input state : 
  - Chain level:
	State 1


============================================================
+ Verbose Summary: Datapath Resource usage 
============================================================
N/A
