

================================================================
== Vivado HLS Report for 'SIG0'
================================================================
* Date:           Sat Apr 10 17:18:33 2021

* Version:        2019.1 (Build 2552052 on Fri May 24 15:28:33 MDT 2019)
* Project:        brdp
* Solution:       solution1
* Product family: zynq
* Target device:  xc7z020-clg484-1


================================================================
== Performance Estimates
================================================================
+ Timing (ns): 
    * Summary: 
    +--------+-------+----------+------------+
    |  Clock | Target| Estimated| Uncertainty|
    +--------+-------+----------+------------+
    |ap_clk  |  10.00|     0.993|        1.25|
    +--------+-------+----------+------------+

+ Latency (clock cycles): 
    * Summary: 
    +-----+-----+-----+-----+----------+
    |  Latency  |  Interval | Pipeline |
    | min | max | min | max |   Type   |
    +-----+-----+-----+-----+----------+
    |    0|    0|    1|    1| function |
    +-----+-----+-----+-----+----------+

    + Detail: 
        * Instance: 
        N/A

        * Loop: 
        N/A

============================================================
+ Verbose Summary: Synthesis Manager
============================================================
InlineROM: 1
ExposeGlobal: 0
============================================================
+ Verbose Summary: CDFG Model
============================================================
IsTopModel: 0
ResetActiveHigh: 1
IsCombinational: 0
IsDatapathOnly: 0
HasWiredReturn: 1
HasMFsm: 2
HasVarLatency: 0
IsPipeline: 1
IsRtlPipelined: 0
IsInstanceOverlapped: 0
IsDontTouch: 0
HasImplIP: 0
IsGatedGlobalClock: 0

+ Individual pipeline summary: 
  * Pipeline-0: initiation interval (II) = 1, depth = 1


============================================================
+ Verbose Summary: Schedule
============================================================
* Number of FSM states : 1
* Pipeline : 1
  Pipeline-0 : II = 1, D = 1, States = { 1 }
* Dataflow Pipeline: 0

* FSM state transitions: 
1 --> 

* FSM state operations: 

State 1 <SV = 0> <Delay = 0.99>
ST_1 : Operation 2 [1/1] (0.00ns)   --->   "%x_read = call i32 @_ssdm_op_Read.ap_auto.i32(i32 %x) nounwind" [sha256_impl.c:79]   --->   Operation 2 'read' 'x_read' <Predicate = true> <Delay = 0.00>
ST_1 : Operation 3 [1/1] (0.00ns) (grouped into LUT with out node xor_ln80_1)   --->   "%lshr_ln = call i25 @_ssdm_op_PartSelect.i25.i32.i32.i32(i32 %x_read, i32 7, i32 31)" [sha256_impl.c:52->sha256_impl.c:80]   --->   Operation 3 'partselect' 'lshr_ln' <Predicate = true> <Delay = 0.00>
ST_1 : Operation 4 [1/1] (0.00ns) (grouped into LUT with out node xor_ln80_1)   --->   "%trunc_ln52 = trunc i32 %x_read to i7" [sha256_impl.c:52->sha256_impl.c:80]   --->   Operation 4 'trunc' 'trunc_ln52' <Predicate = true> <Delay = 0.00>
ST_1 : Operation 5 [1/1] (0.00ns) (grouped into LUT with out node xor_ln80_1)   --->   "%or_ln = call i32 @_ssdm_op_BitConcatenate.i32.i7.i25(i7 %trunc_ln52, i25 %lshr_ln)" [sha256_impl.c:52->sha256_impl.c:80]   --->   Operation 5 'bitconcatenate' 'or_ln' <Predicate = true> <Delay = 0.00>
ST_1 : Operation 6 [1/1] (0.00ns) (grouped into LUT with out node xor_ln80_1)   --->   "%lshr_ln52_2 = call i14 @_ssdm_op_PartSelect.i14.i32.i32.i32(i32 %x_read, i32 18, i32 31)" [sha256_impl.c:52->sha256_impl.c:80]   --->   Operation 6 'partselect' 'lshr_ln52_2' <Predicate = true> <Delay = 0.00>
ST_1 : Operation 7 [1/1] (0.00ns) (grouped into LUT with out node xor_ln80_1)   --->   "%trunc_ln52_2 = trunc i32 %x_read to i18" [sha256_impl.c:52->sha256_impl.c:80]   --->   Operation 7 'trunc' 'trunc_ln52_2' <Predicate = true> <Delay = 0.00>
ST_1 : Operation 8 [1/1] (0.00ns) (grouped into LUT with out node xor_ln80_1)   --->   "%or_ln52_2 = call i32 @_ssdm_op_BitConcatenate.i32.i18.i14(i18 %trunc_ln52_2, i14 %lshr_ln52_2)" [sha256_impl.c:52->sha256_impl.c:80]   --->   Operation 8 'bitconcatenate' 'or_ln52_2' <Predicate = true> <Delay = 0.00>
ST_1 : Operation 9 [1/1] (0.00ns) (grouped into LUT with out node xor_ln80_1)   --->   "%lshr_ln5 = call i29 @_ssdm_op_PartSelect.i29.i32.i32.i32(i32 %x_read, i32 3, i32 31)" [sha256_impl.c:80]   --->   Operation 9 'partselect' 'lshr_ln5' <Predicate = true> <Delay = 0.00>
ST_1 : Operation 10 [1/1] (0.00ns) (grouped into LUT with out node xor_ln80_1)   --->   "%zext_ln80 = zext i29 %lshr_ln5 to i32" [sha256_impl.c:80]   --->   Operation 10 'zext' 'zext_ln80' <Predicate = true> <Delay = 0.00>
ST_1 : Operation 11 [1/1] (0.00ns) (grouped into LUT with out node xor_ln80_1)   --->   "%xor_ln80 = xor i32 %zext_ln80, %or_ln52_2" [sha256_impl.c:80]   --->   Operation 11 'xor' 'xor_ln80' <Predicate = true> <Delay = 0.00> <Core = "LogicGate">   --->   Core 27 'LogicGate' <Latency = 0> <II = 1> <Delay = 0.99> <FuncUnit> <Opcode : 'and' 'or' 'xor'> <InPorts = 2> <OutPorts = 1>
ST_1 : Operation 12 [1/1] (0.99ns) (out node of the LUT)   --->   "%xor_ln80_1 = xor i32 %xor_ln80, %or_ln" [sha256_impl.c:80]   --->   Operation 12 'xor' 'xor_ln80_1' <Predicate = true> <Delay = 0.99> <Core = "LogicGate">   --->   Core 27 'LogicGate' <Latency = 0> <II = 1> <Delay = 0.99> <FuncUnit> <Opcode : 'and' 'or' 'xor'> <InPorts = 2> <OutPorts = 1>
ST_1 : Operation 13 [1/1] (0.00ns)   --->   "ret i32 %xor_ln80_1" [sha256_impl.c:80]   --->   Operation 13 'ret' <Predicate = true> <Delay = 0.00>


============================================================
+ Verbose Summary: Timing violations
============================================================
Target clock period: 10ns, clock uncertainty: 1.25ns.

 <State 1>: 0.993ns
The critical path consists of the following:
	wire read on port 'x' (sha256_impl.c:79) [2]  (0 ns)
	'xor' operation ('xor_ln80_1', sha256_impl.c:80) [12]  (0.993 ns)


============================================================
+ Verbose Summary: Binding
============================================================
N/A
* FSMD analyzer results:
  - Output states:
 - Input state : 
  - Chain level:
	State 1


============================================================
+ Verbose Summary: Datapath Resource usage 
============================================================
N/A
